// Vitest Snapshot v1, https://vitest.dev/guide/snapshot.html

exports[`Component: ComboBox > Snapshot > Default 1`] = `
<DocumentFragment>
  <div
    class="flex items-center justify-between text-sm"
  >
    <div
      class="font-semibold text-gray-600"
    />
    <div
      aria-expanded="false"
      class="flex w-1/2 cursor-pointer flex-row rounded border-none bg-gray-100 py-1 px-2 text-sm font-semibold transition-colors hover:bg-gray-200 focus-visible:bg-gray-200 focus-visible:outline-0 aria-expanded:bg-gray-200"
    >
      <input
        aria-autocomplete="list"
        aria-expanded="false"
        autocomplete="off"
        autocorrect="off"
        class="w-full flex-1 border-none focus-visible:outline-0"
        id="react-aria-:r2:"
        role="combobox"
        spellcheck="false"
        type="text"
        value=""
      />
      <button
        aria-expanded="false"
        aria-haspopup="listbox"
        aria-label="Show suggestions"
        class="cursor-pointer"
        id="react-aria-:r0:"
      >
        <svg
          aria-hidden="true"
          class="w-4"
          viewBox="0 -960 960 960"
          xmlns="http://www.w3.org/2000/svg"
        >
          <path
            d="M480-360 280-560h400L480-360Z"
          />
        </svg>
      </button>
    </div>
  </div>
</DocumentFragment>
`;
