// Vitest Snapshot v1, https://vitest.dev/guide/snapshot.html

exports[`Component: Spinner > Snapshot > Default 1`] = `
<DocumentFragment>
  <div
    class="inline-block h-10 w-10 animate-spin rounded-full border-4 border-current border-r-transparent border-t-transparent animation-duration-[600ms]"
  />
</DocumentFragment>
`;
