// Vitest Snapshot v1, https://vitest.dev/guide/snapshot.html

exports[`Component: RawDataProperties > Snapshot > Default 1`] = `
<DocumentFragment>
  <div
    class="flex flex-col gap-2 px-4"
  >
    <h3
      class="font-montserrat text-sm font-semibold"
    >
      Raw Data Editor (Advanced)
    </h3>
    <textarea
      class="min-h-40 rounded text-sm"
      readonly=""
    >
      {
  "id": "circle-layer-test",
  "type": "circle",
  "source": "source-test",
  "source-layer": "source-layer-test",
  "minzoom": 0,
  "maxzoom": 24,
  "paint": {
    "circle-color": "#ffffff"
  }
}
    </textarea>
  </div>
</DocumentFragment>
`;
