// Vitest Snapshot v1, https://vitest.dev/guide/snapshot.html

exports[`Component: Header > Snapshot > Default 1`] = `
<DocumentFragment>
  <header
    class="flex h-12 w-full items-center justify-between bg-gray-700 px-4 text-white"
  >
    <h1>
      Kartore
    </h1>
    <div
      class="relative w-fit"
      data-part="root"
      data-scope="select"
      id="select::r0:"
    >
      <div
        class="w-fit min-w-28"
        data-part="control"
        data-scope="select"
        data-state="closed"
        id="select::r0::control"
      >
        <label
          class="sr-only"
          data-part="label"
          data-scope="select"
          for="select::r0::select"
          id="select::r0::label"
        >
          Color Mode Setting
        </label>
        <button
          aria-controls="select::r0::content"
          aria-expanded="false"
          aria-haspopup="listbox"
          aria-labelledby="select::r0::label"
          class="flex w-full items-center justify-between gap-2 rounded-lg bg-gray-100 py-2 pl-4 pr-2 text-gray-800 dark:bg-gray-800 dark:text-white"
          data-part="trigger"
          data-scope="select"
          data-state="closed"
          id="select::r0::trigger"
          type="button"
        >
          <span
            data-part="value-text"
            data-scope="select"
          >
            System
          </span>
          <div
            aria-hidden="true"
            data-part="indicator"
            data-scope="select"
            data-state="closed"
          >
            <svg
              aria-hidden="true"
              class="h-[1em] w-[1em]"
              data-slot="icon"
              fill="currentColor"
              viewBox="0 0 24 24"
              xmlns="http://www.w3.org/2000/svg"
            >
              <path
                clip-rule="evenodd"
                d="M12.53 16.28a.75.75 0 0 1-1.06 0l-7.5-7.5a.75.75 0 0 1 1.06-1.06L12 14.69l6.97-6.97a.75.75 0 1 1 1.06 1.06l-7.5 7.5Z"
                fill-rule="evenodd"
              />
            </svg>
          </div>
        </button>
      </div>
      <select
        aria-hidden="true"
        aria-labelledby="select::r0::label"
        id="select::r0::select"
        style="border: 0px; height: 1px; margin: -1px; overflow: hidden; padding: 0px; position: absolute; width: 1px; white-space: nowrap; word-wrap: normal;"
        tabindex="-1"
      >
        <option
          value="light"
        >
          Light
        </option>
        <option
          value="dark"
        >
          Dark
        </option>
        <option
          value="system"
        >
          System
        </option>
      </select>
      <div
        data-part="positioner"
        data-scope="select"
        id="select::r0::positioner"
        style="position: absolute; isolation: isolate; min-width: max-content; top: 0px; left: 0px; transform: translate3d(0, -100vh, 0); z-index: var(--z-index);"
      >
        <div
          aria-labelledby="select::r0::label"
          class="w-full animate-fade-in overflow-hidden rounded-lg bg-gray-100 text-gray-800 shadow-lg dark:bg-gray-800 dark:text-white"
          data-part="content"
          data-scope="select"
          data-state="closed"
          hidden=""
          id="select::r0::content"
          role="listbox"
          tabindex="0"
        >
          <div
            aria-selected="false"
            class="px-4 py-2 hover:cursor-pointer hover:bg-gray-200 dark:hover:bg-gray-900"
            data-part="item"
            data-scope="select"
            data-state="unchecked"
            data-value="light"
            id="select::r0::option:light"
            role="option"
          >
            Light
          </div>
          <div
            aria-selected="false"
            class="px-4 py-2 hover:cursor-pointer hover:bg-gray-200 dark:hover:bg-gray-900"
            data-part="item"
            data-scope="select"
            data-state="unchecked"
            data-value="dark"
            id="select::r0::option:dark"
            role="option"
          >
            Dark
          </div>
          <div
            aria-selected="true"
            class="px-4 py-2 hover:cursor-pointer hover:bg-gray-200 dark:hover:bg-gray-900"
            data-part="item"
            data-scope="select"
            data-state="checked"
            data-value="system"
            id="select::r0::option:system"
            role="option"
          >
            System
          </div>
        </div>
      </div>
    </div>
  </header>
</DocumentFragment>
`;
